// Jest Snapshot v1, https://goo.gl/fbAQLP

exports[`PetImage tests renders correctly 1`] = `
<div>
  <img
    alt="Aladdin"
    class="image"
    src="https://pbs.twimg.com/media/DlmBBTXXcAEdn6V.jpg"
  />
</div>
`;
