// Jest Snapshot v1, https://goo.gl/fbAQLP

exports[`PetListItem tests renders correctly 1`] = `
<div>
  <li
    class="container"
  >
    <article
      class="article"
    >
      <header
        class="header"
      >
        <img
          alt="Aladdin"
          class="image"
          src="https://pbs.twimg.com/media/DlmBBTXXcAEdn6V.jpg"
        />
        <h2>
          <a
            class="link"
            href="/petlist/00001"
          >
            Aladdin
          </a>
        </h2>
      </header>
      <div
        class="wrapper"
      />
      <button
        class="detailsButton"
      >
        Show more
      </button>
    </article>
  </li>
</div>
`;
